
===========================================================================
 report_check_types -max_slew -max_cap -max_fanout -violators
============================================================================

======================= Slowest Corner ===================================

max slew

Pin                                    Limit    Slew   Slack
------------------------------------------------------------
_2069_/X                                1.49    1.59   -0.10 (VIOLATED)
_2070_/B                                1.50    1.59   -0.09 (VIOLATED)

max capacitance

Pin                                    Limit     Cap   Slack
------------------------------------------------------------
_2069_/X                                0.05    0.05   -0.00 (VIOLATED)


======================= Typical Corner ===================================


======================= Fastest Corner ===================================


===========================================================================
max slew violation count 2
max fanout violation count 0
max cap violation count 1
============================================================================
